Archive member included because of file (symbol)

c:/altera/13.0sp1/nios2eds/bin/gnu/h-i686-mingw32/bin/../lib/gcc/nios2-elf/4.1.2/mno-hw-mul\libgcc.a(lib2-mul.o)
                              obj/default/my_uart.o (__mulsi3)
c:/altera/13.0sp1/nios2eds/bin/gnu/h-i686-mingw32/bin/../lib/gcc/nios2-elf/4.1.2/../../../../nios2-elf/lib/mno-hw-mul\libsmallc.a(lib_a-memcpy.o)
                              obj/default/hello_world_small.o (memcpy)
../app_uart_bsp/\libhal_bsp.a(alt_getchar.o)
                              obj/default/hello_world_small.o (alt_getchar)
../app_uart_bsp/\libhal_bsp.a(alt_load.o)
                              ../app_uart_bsp//obj/HAL/src/crt0.o (alt_load)
../app_uart_bsp/\libhal_bsp.a(alt_main.o)
                              ../app_uart_bsp//obj/HAL/src/crt0.o (alt_main)
../app_uart_bsp/\libhal_bsp.a(alt_putchar.o)
                              obj/default/my_uart.o (alt_putchar)
../app_uart_bsp/\libhal_bsp.a(alt_putstr.o)
                              obj/default/hello_world_small.o (alt_putstr)
../app_uart_bsp/\libhal_bsp.a(alt_sys_init.o)
                              ../app_uart_bsp/\libhal_bsp.a(alt_main.o) (alt_sys_init)
../app_uart_bsp/\libhal_bsp.a(altera_avalon_uart_read.o)
                              ../app_uart_bsp/\libhal_bsp.a(alt_getchar.o) (altera_avalon_uart_read)
../app_uart_bsp/\libhal_bsp.a(altera_avalon_uart_write.o)
                              ../app_uart_bsp/\libhal_bsp.a(alt_putchar.o) (altera_avalon_uart_write)
../app_uart_bsp/\libhal_bsp.a(alt_dcache_flush_all.o)
                              ../app_uart_bsp/\libhal_bsp.a(alt_load.o) (alt_dcache_flush_all)
../app_uart_bsp/\libhal_bsp.a(alt_dev.o)
                              ../app_uart_bsp/\libhal_bsp.a(alt_getchar.o) (alt_fd_list)
../app_uart_bsp/\libhal_bsp.a(alt_errno.o)
                              ../app_uart_bsp/\libhal_bsp.a(altera_avalon_uart_read.o) (alt_errno)
../app_uart_bsp/\libhal_bsp.a(alt_icache_flush_all.o)
                              ../app_uart_bsp/\libhal_bsp.a(alt_load.o) (alt_icache_flush_all)
../app_uart_bsp/\libhal_bsp.a(altera_nios2_qsys_irq.o)
                              ../app_uart_bsp/\libhal_bsp.a(alt_sys_init.o) (altera_nios2_qsys_irq_init)
c:/altera/13.0sp1/nios2eds/bin/gnu/h-i686-mingw32/bin/../lib/gcc/nios2-elf/4.1.2/../../../../nios2-elf/lib/mno-hw-mul\libsmallc.a(lib_a-int_errno.o)
                              ../app_uart_bsp/\libhal_bsp.a(altera_avalon_uart_read.o) (errno)
c:/altera/13.0sp1/nios2eds/bin/gnu/h-i686-mingw32/bin/../lib/gcc/nios2-elf/4.1.2/../../../../nios2-elf/lib/mno-hw-mul\libsmallc.a(lib_a-strlen.o)
                              ../app_uart_bsp/\libhal_bsp.a(alt_putstr.o) (strlen)

Allocating common symbols
Common symbol       size              file

errno               0x4               c:/altera/13.0sp1/nios2eds/bin/gnu/h-i686-mingw32/bin/../lib/gcc/nios2-elf/4.1.2/../../../../nios2-elf/lib/mno-hw-mul\libsmallc.a(lib_a-int_errno.o)

Memory Configuration

Name             Origin             Length             Attributes
reset            0x00010000         0x00000020
onchip_memory2_0 0x00010020         0x00003fe0
ext_flash        0x01000000         0x00400000
*default*        0x00000000         0xffffffff

Linker script and memory map

LOAD ../app_uart_bsp//obj/HAL/src/crt0.o
                0x0001000c                exit = _exit
LOAD obj/default/hello_world_small.o
LOAD obj/default/my_lcd.o
LOAD obj/default/my_uart.o
LOAD c:/altera/13.0sp1/nios2eds/bin/gnu/h-i686-mingw32/bin/../lib/gcc/nios2-elf/4.1.2/../../../../nios2-elf/lib/mno-hw-mul\libstdc++.a
LOAD c:/altera/13.0sp1/nios2eds/bin/gnu/h-i686-mingw32/bin/../lib/gcc/nios2-elf/4.1.2/../../../../nios2-elf/lib/mno-hw-mul\libm.a
LOAD c:/altera/13.0sp1/nios2eds/bin/gnu/h-i686-mingw32/bin/../lib/gcc/nios2-elf/4.1.2/mno-hw-mul\libgcc.a
START GROUP
LOAD c:/altera/13.0sp1/nios2eds/bin/gnu/h-i686-mingw32/bin/../lib/gcc/nios2-elf/4.1.2/../../../../nios2-elf/lib/mno-hw-mul\libsmallc.a
LOAD c:/altera/13.0sp1/nios2eds/bin/gnu/h-i686-mingw32/bin/../lib/gcc/nios2-elf/4.1.2/mno-hw-mul\libgcc.a
LOAD ../app_uart_bsp/\libhal_bsp.a
END GROUP
LOAD c:/altera/13.0sp1/nios2eds/bin/gnu/h-i686-mingw32/bin/../lib/gcc/nios2-elf/4.1.2/mno-hw-mul\libgcc.a
                0x00010000                __alt_mem_onchip_memory2_0 = 0x10000
                0x01000000                __alt_mem_ext_flash = 0x1000000

.entry          0x00010000       0x20
 *(.entry)
 .entry         0x00010000       0x20 ../app_uart_bsp//obj/HAL/src/crt0.o
                0x00010000                __reset
                0x0001000c                _exit

.exceptions     0x00010020        0x0
                0x00010020                PROVIDE (__ram_exceptions_start, ABSOLUTE (.))
                0x00010020                . = ALIGN (0x20)
 *(.irq)
 *(.exceptions.entry.label)
 *(.exceptions.entry.user)
 *(.exceptions.entry)
 *(.exceptions.irqtest.user)
 *(.exceptions.irqtest)
 *(.exceptions.irqhandler.user)
 *(.exceptions.irqhandler)
 *(.exceptions.irqreturn.user)
 *(.exceptions.irqreturn)
 *(.exceptions.notirq.label)
 *(.exceptions.notirq.user)
 *(.exceptions.notirq)
 *(.exceptions.soft.user)
 *(.exceptions.soft)
 *(.exceptions.unknown.user)
 *(.exceptions.unknown)
 *(.exceptions.exit.label)
 *(.exceptions.exit.user)
 *(.exceptions.exit)
 *(.exceptions)
                0x00010020                PROVIDE (__ram_exceptions_end, ABSOLUTE (.))
                0x00010020                PROVIDE (__flash_exceptions_start, LOADADDR (.exceptions))

.text           0x00010020      0xc68
                0x00010020                PROVIDE (stext, ABSOLUTE (.))
 *(.interp)
 *(.hash)
 *(.dynsym)
 *(.dynstr)
 *(.gnu.version)
 *(.gnu.version_d)
 *(.gnu.version_r)
 *(.rel.init)
 *(.rela.init)
 *(.rel.text .rel.text.* .rel.gnu.linkonce.t.*)
 *(.rela.text .rela.text.* .rela.gnu.linkonce.t.*)
 *(.rel.fini)
 *(.rela.fini)
 *(.rel.rodata .rel.rodata.* .rel.gnu.linkonce.r.*)
 *(.rela.rodata .rela.rodata.* .rela.gnu.linkonce.r.*)
 *(.rel.data .rel.data.* .rel.gnu.linkonce.d.*)
 *(.rela.data .rela.data.* .rela.gnu.linkonce.d.*)
 *(.rel.tdata .rel.tdata.* .rel.gnu.linkonce.td.*)
 *(.rela.tdata .rela.tdata.* .rela.gnu.linkonce.td.*)
 *(.rel.tbss .rel.tbss.* .rel.gnu.linkonce.tb.*)
 *(.rela.tbss .rela.tbss.* .rela.gnu.linkonce.tb.*)
 *(.rel.ctors)
 *(.rela.ctors)
 *(.rel.dtors)
 *(.rela.dtors)
 *(.rel.got)
 *(.rela.got)
 *(.rel.sdata .rel.sdata.* .rel.gnu.linkonce.s.*)
 *(.rela.sdata .rela.sdata.* .rela.gnu.linkonce.s.*)
 *(.rel.sbss .rel.sbss.* .rel.gnu.linkonce.sb.*)
 *(.rela.sbss .rela.sbss.* .rela.gnu.linkonce.sb.*)
 *(.rel.sdata2 .rel.sdata2.* .rel.gnu.linkonce.s2.*)
 *(.rela.sdata2 .rela.sdata2.* .rela.gnu.linkonce.s2.*)
 *(.rel.sbss2 .rel.sbss2.* .rel.gnu.linkonce.sb2.*)
 *(.rela.sbss2 .rela.sbss2.* .rela.gnu.linkonce.sb2.*)
 *(.rel.bss .rel.bss.* .rel.gnu.linkonce.b.*)
 *(.rela.bss .rela.bss.* .rela.gnu.linkonce.b.*)
 *(.rel.plt)
 *(.rela.plt)
 *(.rel.dyn)
 *(.init)
 *(.plt)
 *(.text .stub .text.* .gnu.linkonce.t.*)
 .text          0x00010020       0x3c ../app_uart_bsp//obj/HAL/src/crt0.o
                0x00010020                _start
 .text          0x0001005c       0xe0 obj/default/hello_world_small.o
                0x0001005c                main
 .text          0x0001013c      0x238 obj/default/my_lcd.o
                0x0001013c                _wait
                0x00010174                lcd_char_hex2
                0x00010240                select_xy
                0x000102a0                lcd_prints
                0x000102e8                lcd_init
                0x00010354                check_busy
 .text          0x00010374      0x5bc obj/default/my_uart.o
                0x00010374                Hex_2_Dec
                0x00010860                put_char_hex
                0x000108c8                myscan
 .text          0x00010930       0x38 c:/altera/13.0sp1/nios2eds/bin/gnu/h-i686-mingw32/bin/../lib/gcc/nios2-elf/4.1.2/mno-hw-mul\libgcc.a(lib2-mul.o)
                0x00010930                __mulsi3
 .text          0x00010968       0x2c c:/altera/13.0sp1/nios2eds/bin/gnu/h-i686-mingw32/bin/../lib/gcc/nios2-elf/4.1.2/../../../../nios2-elf/lib/mno-hw-mul\libsmallc.a(lib_a-memcpy.o)
                0x00010968                memcpy
 .text          0x00010994       0x44 ../app_uart_bsp/\libhal_bsp.a(alt_getchar.o)
                0x00010994                alt_getchar
 .text          0x000109d8       0x8c ../app_uart_bsp/\libhal_bsp.a(alt_load.o)
                0x000109f8                alt_load
 .text          0x00010a64       0x2c ../app_uart_bsp/\libhal_bsp.a(alt_main.o)
                0x00010a64                alt_main
 .text          0x00010a90       0x50 ../app_uart_bsp/\libhal_bsp.a(alt_putchar.o)
                0x00010a90                alt_putchar
 .text          0x00010ae0       0x38 ../app_uart_bsp/\libhal_bsp.a(alt_putstr.o)
                0x00010ae0                alt_putstr
 .text          0x00010b18       0x24 ../app_uart_bsp/\libhal_bsp.a(alt_sys_init.o)
                0x00010b18                alt_sys_init
                0x00010b1c                alt_irq_init
 .text          0x00010b3c       0x80 ../app_uart_bsp/\libhal_bsp.a(altera_avalon_uart_read.o)
                0x00010b3c                altera_avalon_uart_read
 .text          0x00010bbc       0x94 ../app_uart_bsp/\libhal_bsp.a(altera_avalon_uart_write.o)
                0x00010bbc                altera_avalon_uart_write
 .text          0x00010c50        0x4 ../app_uart_bsp/\libhal_bsp.a(alt_dcache_flush_all.o)
                0x00010c50                alt_dcache_flush_all
 .text          0x00010c54        0x8 ../app_uart_bsp/\libhal_bsp.a(alt_dev.o)
 .text          0x00010c5c        0x0 ../app_uart_bsp/\libhal_bsp.a(alt_errno.o)
 .text          0x00010c5c        0x4 ../app_uart_bsp/\libhal_bsp.a(alt_icache_flush_all.o)
                0x00010c5c                alt_icache_flush_all
 .text          0x00010c60        0x8 ../app_uart_bsp/\libhal_bsp.a(altera_nios2_qsys_irq.o)
                0x00010c60                altera_nios2_qsys_irq_init
 .text          0x00010c68        0x0 c:/altera/13.0sp1/nios2eds/bin/gnu/h-i686-mingw32/bin/../lib/gcc/nios2-elf/4.1.2/../../../../nios2-elf/lib/mno-hw-mul\libsmallc.a(lib_a-int_errno.o)
 .text          0x00010c68       0x20 c:/altera/13.0sp1/nios2eds/bin/gnu/h-i686-mingw32/bin/../lib/gcc/nios2-elf/4.1.2/../../../../nios2-elf/lib/mno-hw-mul\libsmallc.a(lib_a-strlen.o)
                0x00010c68                strlen
 *(.gnu.warning.*)
 *(.fini)
                0x00010c88                PROVIDE (__etext, ABSOLUTE (.))
                0x00010c88                PROVIDE (_etext, ABSOLUTE (.))
                0x00010c88                PROVIDE (etext, ABSOLUTE (.))
 *(.eh_frame_hdr)
                0x00010c88                . = ALIGN (0x4)
                0x00010c88                PROVIDE (__preinit_array_start, ABSOLUTE (.))
 *(.preinit_array)
                0x00010c88                PROVIDE (__preinit_array_end, ABSOLUTE (.))
                0x00010c88                PROVIDE (__init_array_start, ABSOLUTE (.))
 *(.init_array)
                0x00010c88                PROVIDE (__init_array_end, ABSOLUTE (.))
                0x00010c88                PROVIDE (__fini_array_start, ABSOLUTE (.))
 *(.fini_array)
                0x00010c88                PROVIDE (__fini_array_end, ABSOLUTE (.))
 *(.eh_frame)
 *(.gcc_except_table)
 *(.dynamic)
                0x00010c88                PROVIDE (__CTOR_LIST__, ABSOLUTE (.))
 *(.ctors)
 *(SORT(.ctors.*))
                0x00010c88                PROVIDE (__CTOR_END__, ABSOLUTE (.))
                0x00010c88                PROVIDE (__DTOR_LIST__, ABSOLUTE (.))
 *(.dtors)
 *(SORT(.dtors.*))
                0x00010c88                PROVIDE (__DTOR_END__, ABSOLUTE (.))
 *(.jcr)
                0x00010c88                . = ALIGN (0x4)

.rodata         0x00010c88       0x58
                0x00010c88                PROVIDE (__ram_rodata_start, ABSOLUTE (.))
                0x00010c88                . = ALIGN (0x4)
 *(.rodata .rodata.* .gnu.linkonce.r.*)
 .rodata.str1.4
                0x00010c88       0x4a obj/default/hello_world_small.o
                                 0x4c (size before relaxing)
 *fill*         0x00010cd2        0x2 00
 .rodata.str1.4
                0x00010cd4        0xc ../app_uart_bsp/\libhal_bsp.a(alt_dev.o)
 *(.rodata1)
                0x00010ce0                . = ALIGN (0x4)
                0x00010ce0                PROVIDE (__ram_rodata_end, ABSOLUTE (.))
                0x00010c88                PROVIDE (__flash_rodata_start, LOADADDR (.rodata))

.rwdata         0x00010ce0       0x74 load address 0x00010d54
                0x00010ce0                PROVIDE (__ram_rwdata_start, ABSOLUTE (.))
                0x00010ce0                . = ALIGN (0x4)
 *(.got.plt)
 *(.got)
 *(.data1)
 *(.data .data.* .gnu.linkonce.d.*)
 .data          0x00010ce0        0x0 ../app_uart_bsp//obj/HAL/src/crt0.o
 .data          0x00010ce0        0x0 obj/default/hello_world_small.o
 .data          0x00010ce0        0x0 obj/default/my_lcd.o
 .data          0x00010ce0        0x0 obj/default/my_uart.o
 .data          0x00010ce0        0x0 c:/altera/13.0sp1/nios2eds/bin/gnu/h-i686-mingw32/bin/../lib/gcc/nios2-elf/4.1.2/mno-hw-mul\libgcc.a(lib2-mul.o)
 .data          0x00010ce0        0x0 c:/altera/13.0sp1/nios2eds/bin/gnu/h-i686-mingw32/bin/../lib/gcc/nios2-elf/4.1.2/../../../../nios2-elf/lib/mno-hw-mul\libsmallc.a(lib_a-memcpy.o)
 .data          0x00010ce0        0x0 ../app_uart_bsp/\libhal_bsp.a(alt_getchar.o)
 .data          0x00010ce0        0x0 ../app_uart_bsp/\libhal_bsp.a(alt_load.o)
 .data          0x00010ce0        0x0 ../app_uart_bsp/\libhal_bsp.a(alt_main.o)
 .data          0x00010ce0        0x0 ../app_uart_bsp/\libhal_bsp.a(alt_putchar.o)
 .data          0x00010ce0        0x0 ../app_uart_bsp/\libhal_bsp.a(alt_putstr.o)
 .data          0x00010ce0        0x0 ../app_uart_bsp/\libhal_bsp.a(alt_sys_init.o)
 .data          0x00010ce0        0x0 ../app_uart_bsp/\libhal_bsp.a(altera_avalon_uart_read.o)
 .data          0x00010ce0        0x0 ../app_uart_bsp/\libhal_bsp.a(altera_avalon_uart_write.o)
 .data          0x00010ce0        0x0 ../app_uart_bsp/\libhal_bsp.a(alt_dcache_flush_all.o)
 .data          0x00010ce0       0x58 ../app_uart_bsp/\libhal_bsp.a(alt_dev.o)
                0x00010ce0                alt_dev_null
                0x00010d08                alt_fd_list
 .data          0x00010d38        0x0 ../app_uart_bsp/\libhal_bsp.a(alt_errno.o)
 .data          0x00010d38        0x0 ../app_uart_bsp/\libhal_bsp.a(alt_icache_flush_all.o)
 .data          0x00010d38        0x0 ../app_uart_bsp/\libhal_bsp.a(altera_nios2_qsys_irq.o)
 .data          0x00010d38        0x0 c:/altera/13.0sp1/nios2eds/bin/gnu/h-i686-mingw32/bin/../lib/gcc/nios2-elf/4.1.2/../../../../nios2-elf/lib/mno-hw-mul\libsmallc.a(lib_a-int_errno.o)
 .data          0x00010d38        0x0 c:/altera/13.0sp1/nios2eds/bin/gnu/h-i686-mingw32/bin/../lib/gcc/nios2-elf/4.1.2/../../../../nios2-elf/lib/mno-hw-mul\libsmallc.a(lib_a-strlen.o)
                0x00018d38                _gp = ABSOLUTE ((. + 0x8000))
                0x00018d38                PROVIDE (gp, _gp)
 *(.rwdata .rwdata.*)
 *(.sdata .sdata.* .gnu.linkonce.s.*)
 .sdata         0x00010d38        0x4 ../app_uart_bsp/\libhal_bsp.a(alt_sys_init.o)
                0x00010d38                uart_0
 .sdata         0x00010d3c       0x14 ../app_uart_bsp/\libhal_bsp.a(alt_dev.o)
                0x00010d3c                alt_fs_list
                0x00010d44                alt_dev_list
                0x00010d4c                alt_max_fd
 .sdata         0x00010d50        0x4 ../app_uart_bsp/\libhal_bsp.a(alt_errno.o)
                0x00010d50                alt_errno
 *(.sdata2 .sdata2.* .gnu.linkonce.s2.*)
                0x00010d54                . = ALIGN (0x4)
                0x00010d54                _edata = ABSOLUTE (.)
                0x00010d54                PROVIDE (edata, ABSOLUTE (.))
                0x00010d54                PROVIDE (__ram_rwdata_end, ABSOLUTE (.))
                0x00010d54                PROVIDE (__flash_rwdata_start, LOADADDR (.rwdata))

.bss            0x00010dc8       0x10
                0x00010dc8                __bss_start = ABSOLUTE (.)
                0x00010dc8                PROVIDE (__sbss_start, ABSOLUTE (.))
                0x00010dc8                PROVIDE (___sbss_start, ABSOLUTE (.))
 *(.dynsbss)
 *(.sbss .sbss.* .gnu.linkonce.sb.*)
 .sbss          0x00010dc8        0xc ../app_uart_bsp/\libhal_bsp.a(alt_main.o)
                0x00010dc8                alt_argc
                0x00010dcc                alt_argv
                0x00010dd0                alt_envp
 .sbss          0x00010dd4        0x4 c:/altera/13.0sp1/nios2eds/bin/gnu/h-i686-mingw32/bin/../lib/gcc/nios2-elf/4.1.2/../../../../nios2-elf/lib/mno-hw-mul\libsmallc.a(lib_a-int_errno.o)
                0x00010dd4                errno
 *(.sbss2 .sbss2.* .gnu.linkonce.sb2.*)
 *(.scommon)
                0x00010dd8                PROVIDE (__sbss_end, ABSOLUTE (.))
                0x00010dd8                PROVIDE (___sbss_end, ABSOLUTE (.))
 *(.dynbss)
 *(.bss .bss.* .gnu.linkonce.b.*)
 .bss           0x00010dd8        0x0 ../app_uart_bsp//obj/HAL/src/crt0.o
 .bss           0x00010dd8        0x0 obj/default/hello_world_small.o
 .bss           0x00010dd8        0x0 obj/default/my_lcd.o
 .bss           0x00010dd8        0x0 obj/default/my_uart.o
 .bss           0x00010dd8        0x0 c:/altera/13.0sp1/nios2eds/bin/gnu/h-i686-mingw32/bin/../lib/gcc/nios2-elf/4.1.2/mno-hw-mul\libgcc.a(lib2-mul.o)
 .bss           0x00010dd8        0x0 c:/altera/13.0sp1/nios2eds/bin/gnu/h-i686-mingw32/bin/../lib/gcc/nios2-elf/4.1.2/../../../../nios2-elf/lib/mno-hw-mul\libsmallc.a(lib_a-memcpy.o)
 .bss           0x00010dd8        0x0 ../app_uart_bsp/\libhal_bsp.a(alt_getchar.o)
 .bss           0x00010dd8        0x0 ../app_uart_bsp/\libhal_bsp.a(alt_load.o)
 .bss           0x00010dd8        0x0 ../app_uart_bsp/\libhal_bsp.a(alt_main.o)
 .bss           0x00010dd8        0x0 ../app_uart_bsp/\libhal_bsp.a(alt_putchar.o)
 .bss           0x00010dd8        0x0 ../app_uart_bsp/\libhal_bsp.a(alt_putstr.o)
 .bss           0x00010dd8        0x0 ../app_uart_bsp/\libhal_bsp.a(alt_sys_init.o)
 .bss           0x00010dd8        0x0 ../app_uart_bsp/\libhal_bsp.a(altera_avalon_uart_read.o)
 .bss           0x00010dd8        0x0 ../app_uart_bsp/\libhal_bsp.a(altera_avalon_uart_write.o)
 .bss           0x00010dd8        0x0 ../app_uart_bsp/\libhal_bsp.a(alt_dcache_flush_all.o)
 .bss           0x00010dd8        0x0 ../app_uart_bsp/\libhal_bsp.a(alt_dev.o)
 .bss           0x00010dd8        0x0 ../app_uart_bsp/\libhal_bsp.a(alt_errno.o)
 .bss           0x00010dd8        0x0 ../app_uart_bsp/\libhal_bsp.a(alt_icache_flush_all.o)
 .bss           0x00010dd8        0x0 ../app_uart_bsp/\libhal_bsp.a(altera_nios2_qsys_irq.o)
 .bss           0x00010dd8        0x0 c:/altera/13.0sp1/nios2eds/bin/gnu/h-i686-mingw32/bin/../lib/gcc/nios2-elf/4.1.2/../../../../nios2-elf/lib/mno-hw-mul\libsmallc.a(lib_a-int_errno.o)
 .bss           0x00010dd8        0x0 c:/altera/13.0sp1/nios2eds/bin/gnu/h-i686-mingw32/bin/../lib/gcc/nios2-elf/4.1.2/../../../../nios2-elf/lib/mno-hw-mul\libsmallc.a(lib_a-strlen.o)
 *(COMMON)
                0x00010dd8                . = ALIGN (0x4)
                0x00010dd8                __bss_end = ABSOLUTE (.)

.onchip_memory2_0
                0x00010dd8        0x0
                0x00010dd8                PROVIDE (_alt_partition_onchip_memory2_0_start, ABSOLUTE (.))
 *(.onchip_memory2_0. onchip_memory2_0.*)
                0x00010dd8                . = ALIGN (0x4)
                0x00010dd8                PROVIDE (_alt_partition_onchip_memory2_0_end, ABSOLUTE (.))
                0x00010dd8                _end = ABSOLUTE (.)
                0x00010dd8                end = ABSOLUTE (.)
                0x00010dd8                __alt_stack_base = ABSOLUTE (.)
                0x00010dd8                PROVIDE (_alt_partition_onchip_memory2_0_load_addr, LOADADDR (.onchip_memory2_0))

.ext_flash      0x01000000        0x0 load address 0x00010dd8
                0x01000000                PROVIDE (_alt_partition_ext_flash_start, ABSOLUTE (.))
 *(.ext_flash. ext_flash.*)
                0x01000000                . = ALIGN (0x4)
                0x01000000                PROVIDE (_alt_partition_ext_flash_end, ABSOLUTE (.))
                0x00010dd8                PROVIDE (_alt_partition_ext_flash_load_addr, LOADADDR (.ext_flash))

.stab
 *(.stab)

.stabstr
 *(.stabstr)

.stab.excl
 *(.stab.excl)

.stab.exclstr
 *(.stab.exclstr)

.stab.index
 *(.stab.index)

.stab.indexstr
 *(.stab.indexstr)

.comment        0x00000000       0x26
 *(.comment)
 .comment       0x00000000       0x26 obj/default/hello_world_small.o
                                 0x27 (size before relaxing)
 .comment       0x00000000       0x27 obj/default/my_lcd.o
 .comment       0x00000000       0x27 obj/default/my_uart.o
 .comment       0x00000000       0x27 c:/altera/13.0sp1/nios2eds/bin/gnu/h-i686-mingw32/bin/../lib/gcc/nios2-elf/4.1.2/mno-hw-mul\libgcc.a(lib2-mul.o)
 .comment       0x00000000       0x27 c:/altera/13.0sp1/nios2eds/bin/gnu/h-i686-mingw32/bin/../lib/gcc/nios2-elf/4.1.2/../../../../nios2-elf/lib/mno-hw-mul\libsmallc.a(lib_a-memcpy.o)
 .comment       0x00000000       0x27 ../app_uart_bsp/\libhal_bsp.a(alt_getchar.o)
 .comment       0x00000000       0x27 ../app_uart_bsp/\libhal_bsp.a(alt_load.o)
 .comment       0x00000000       0x27 ../app_uart_bsp/\libhal_bsp.a(alt_main.o)
 .comment       0x00000000       0x27 ../app_uart_bsp/\libhal_bsp.a(alt_putchar.o)
 .comment       0x00000000       0x27 ../app_uart_bsp/\libhal_bsp.a(alt_putstr.o)
 .comment       0x00000000       0x27 ../app_uart_bsp/\libhal_bsp.a(alt_sys_init.o)
 .comment       0x00000000       0x27 ../app_uart_bsp/\libhal_bsp.a(altera_avalon_uart_read.o)
 .comment       0x00000000       0x27 ../app_uart_bsp/\libhal_bsp.a(altera_avalon_uart_write.o)
 .comment       0x00000000       0x27 ../app_uart_bsp/\libhal_bsp.a(alt_dcache_flush_all.o)
 .comment       0x00000000       0x27 ../app_uart_bsp/\libhal_bsp.a(alt_dev.o)
 .comment       0x00000000       0x27 ../app_uart_bsp/\libhal_bsp.a(alt_errno.o)
 .comment       0x00000000       0x27 ../app_uart_bsp/\libhal_bsp.a(alt_icache_flush_all.o)
 .comment       0x00000000       0x27 ../app_uart_bsp/\libhal_bsp.a(altera_nios2_qsys_irq.o)
 .comment       0x00000000       0x27 c:/altera/13.0sp1/nios2eds/bin/gnu/h-i686-mingw32/bin/../lib/gcc/nios2-elf/4.1.2/../../../../nios2-elf/lib/mno-hw-mul\libsmallc.a(lib_a-int_errno.o)
 .comment       0x00000000       0x27 c:/altera/13.0sp1/nios2eds/bin/gnu/h-i686-mingw32/bin/../lib/gcc/nios2-elf/4.1.2/../../../../nios2-elf/lib/mno-hw-mul\libsmallc.a(lib_a-strlen.o)

.debug
 *(.debug)

.line
 *(.line)

.debug_srcinfo
 *(.debug_srcinfo)

.debug_sfnames
 *(.debug_sfnames)

.debug_aranges  0x00000000      0x268
 *(.debug_aranges)
 .debug_aranges
                0x00000000       0x28 ../app_uart_bsp//obj/HAL/src/crt0.o
 .debug_aranges
                0x00000028       0x20 obj/default/hello_world_small.o
 .debug_aranges
                0x00000048       0x20 obj/default/my_lcd.o
 .debug_aranges
                0x00000068       0x20 obj/default/my_uart.o
 .debug_aranges
                0x00000088       0x20 c:/altera/13.0sp1/nios2eds/bin/gnu/h-i686-mingw32/bin/../lib/gcc/nios2-elf/4.1.2/mno-hw-mul\libgcc.a(lib2-mul.o)
 .debug_aranges
                0x000000a8       0x20 c:/altera/13.0sp1/nios2eds/bin/gnu/h-i686-mingw32/bin/../lib/gcc/nios2-elf/4.1.2/../../../../nios2-elf/lib/mno-hw-mul\libsmallc.a(lib_a-memcpy.o)
 .debug_aranges
                0x000000c8       0x20 ../app_uart_bsp/\libhal_bsp.a(alt_getchar.o)
 .debug_aranges
                0x000000e8       0x20 ../app_uart_bsp/\libhal_bsp.a(alt_load.o)
 .debug_aranges
                0x00000108       0x20 ../app_uart_bsp/\libhal_bsp.a(alt_main.o)
 .debug_aranges
                0x00000128       0x20 ../app_uart_bsp/\libhal_bsp.a(alt_putchar.o)
 .debug_aranges
                0x00000148       0x20 ../app_uart_bsp/\libhal_bsp.a(alt_putstr.o)
 .debug_aranges
                0x00000168       0x20 ../app_uart_bsp/\libhal_bsp.a(alt_sys_init.o)
 .debug_aranges
                0x00000188       0x20 ../app_uart_bsp/\libhal_bsp.a(altera_avalon_uart_read.o)
 .debug_aranges
                0x000001a8       0x20 ../app_uart_bsp/\libhal_bsp.a(altera_avalon_uart_write.o)
 .debug_aranges
                0x000001c8       0x20 ../app_uart_bsp/\libhal_bsp.a(alt_dcache_flush_all.o)
 .debug_aranges
                0x000001e8       0x20 ../app_uart_bsp/\libhal_bsp.a(alt_dev.o)
 .debug_aranges
                0x00000208       0x20 ../app_uart_bsp/\libhal_bsp.a(alt_icache_flush_all.o)
 .debug_aranges
                0x00000228       0x20 ../app_uart_bsp/\libhal_bsp.a(altera_nios2_qsys_irq.o)
 .debug_aranges
                0x00000248       0x20 c:/altera/13.0sp1/nios2eds/bin/gnu/h-i686-mingw32/bin/../lib/gcc/nios2-elf/4.1.2/../../../../nios2-elf/lib/mno-hw-mul\libsmallc.a(lib_a-strlen.o)

.debug_pubnames
                0x00000000      0x3a3
 *(.debug_pubnames)
 .debug_pubnames
                0x00000000       0x1b obj/default/hello_world_small.o
 .debug_pubnames
                0x0000001b       0x67 obj/default/my_lcd.o
 .debug_pubnames
                0x00000082       0x3c obj/default/my_uart.o
 .debug_pubnames
                0x000000be       0x1f c:/altera/13.0sp1/nios2eds/bin/gnu/h-i686-mingw32/bin/../lib/gcc/nios2-elf/4.1.2/mno-hw-mul\libgcc.a(lib2-mul.o)
 .debug_pubnames
                0x000000dd       0x1d c:/altera/13.0sp1/nios2eds/bin/gnu/h-i686-mingw32/bin/../lib/gcc/nios2-elf/4.1.2/../../../../nios2-elf/lib/mno-hw-mul\libsmallc.a(lib_a-memcpy.o)
 .debug_pubnames
                0x000000fa       0x22 ../app_uart_bsp/\libhal_bsp.a(alt_getchar.o)
 .debug_pubnames
                0x0000011c       0x1f ../app_uart_bsp/\libhal_bsp.a(alt_load.o)
 .debug_pubnames
                0x0000013b       0x46 ../app_uart_bsp/\libhal_bsp.a(alt_main.o)
 .debug_pubnames
                0x00000181       0x22 ../app_uart_bsp/\libhal_bsp.a(alt_putchar.o)
 .debug_pubnames
                0x000001a3       0x21 ../app_uart_bsp/\libhal_bsp.a(alt_putstr.o)
 .debug_pubnames
                0x000001c4       0x3f ../app_uart_bsp/\libhal_bsp.a(alt_sys_init.o)
 .debug_pubnames
                0x00000203       0x2e ../app_uart_bsp/\libhal_bsp.a(altera_avalon_uart_read.o)
 .debug_pubnames
                0x00000231       0x2f ../app_uart_bsp/\libhal_bsp.a(altera_avalon_uart_write.o)
 .debug_pubnames
                0x00000260       0x2b ../app_uart_bsp/\libhal_bsp.a(alt_dcache_flush_all.o)
 .debug_pubnames
                0x0000028b       0x63 ../app_uart_bsp/\libhal_bsp.a(alt_dev.o)
 .debug_pubnames
                0x000002ee       0x20 ../app_uart_bsp/\libhal_bsp.a(alt_errno.o)
 .debug_pubnames
                0x0000030e       0x2b ../app_uart_bsp/\libhal_bsp.a(alt_icache_flush_all.o)
 .debug_pubnames
                0x00000339       0x31 ../app_uart_bsp/\libhal_bsp.a(altera_nios2_qsys_irq.o)
 .debug_pubnames
                0x0000036a       0x1c c:/altera/13.0sp1/nios2eds/bin/gnu/h-i686-mingw32/bin/../lib/gcc/nios2-elf/4.1.2/../../../../nios2-elf/lib/mno-hw-mul\libsmallc.a(lib_a-int_errno.o)
 .debug_pubnames
                0x00000386       0x1d c:/altera/13.0sp1/nios2eds/bin/gnu/h-i686-mingw32/bin/../lib/gcc/nios2-elf/4.1.2/../../../../nios2-elf/lib/mno-hw-mul\libsmallc.a(lib_a-strlen.o)

.debug_info     0x00000000     0x1a89
 *(.debug_info .gnu.linkonce.wi.*)
 .debug_info    0x00000000       0x5d ../app_uart_bsp//obj/HAL/src/crt0.o
 .debug_info    0x0000005d       0xf8 obj/default/hello_world_small.o
 .debug_info    0x00000155      0x1d3 obj/default/my_lcd.o
 .debug_info    0x00000328      0x164 obj/default/my_uart.o
 .debug_info    0x0000048c       0xf3 c:/altera/13.0sp1/nios2eds/bin/gnu/h-i686-mingw32/bin/../lib/gcc/nios2-elf/4.1.2/mno-hw-mul\libgcc.a(lib2-mul.o)
 .debug_info    0x0000057f       0xc2 c:/altera/13.0sp1/nios2eds/bin/gnu/h-i686-mingw32/bin/../lib/gcc/nios2-elf/4.1.2/../../../../nios2-elf/lib/mno-hw-mul\libsmallc.a(lib_a-memcpy.o)
 .debug_info    0x00000641      0x300 ../app_uart_bsp/\libhal_bsp.a(alt_getchar.o)
 .debug_info    0x00000941      0x12e ../app_uart_bsp/\libhal_bsp.a(alt_load.o)
 .debug_info    0x00000a6f      0x125 ../app_uart_bsp/\libhal_bsp.a(alt_main.o)
 .debug_info    0x00000b94       0xc5 ../app_uart_bsp/\libhal_bsp.a(alt_putchar.o)
 .debug_info    0x00000c59       0xc5 ../app_uart_bsp/\libhal_bsp.a(alt_putstr.o)
 .debug_info    0x00000d1e      0x18a ../app_uart_bsp/\libhal_bsp.a(alt_sys_init.o)
 .debug_info    0x00000ea8      0x1a6 ../app_uart_bsp/\libhal_bsp.a(altera_avalon_uart_read.o)
 .debug_info    0x0000104e      0x1be ../app_uart_bsp/\libhal_bsp.a(altera_avalon_uart_write.o)
 .debug_info    0x0000120c       0x8d ../app_uart_bsp/\libhal_bsp.a(alt_dcache_flush_all.o)
 .debug_info    0x00001299      0x4dd ../app_uart_bsp/\libhal_bsp.a(alt_dev.o)
 .debug_info    0x00001776       0xab ../app_uart_bsp/\libhal_bsp.a(alt_errno.o)
 .debug_info    0x00001821       0x8d ../app_uart_bsp/\libhal_bsp.a(alt_icache_flush_all.o)
 .debug_info    0x000018ae       0x8d ../app_uart_bsp/\libhal_bsp.a(altera_nios2_qsys_irq.o)
 .debug_info    0x0000193b       0x8c c:/altera/13.0sp1/nios2eds/bin/gnu/h-i686-mingw32/bin/../lib/gcc/nios2-elf/4.1.2/../../../../nios2-elf/lib/mno-hw-mul\libsmallc.a(lib_a-int_errno.o)
 .debug_info    0x000019c7       0xc2 c:/altera/13.0sp1/nios2eds/bin/gnu/h-i686-mingw32/bin/../lib/gcc/nios2-elf/4.1.2/../../../../nios2-elf/lib/mno-hw-mul\libsmallc.a(lib_a-strlen.o)

.debug_abbrev   0x00000000      0xbc0
 *(.debug_abbrev)
 .debug_abbrev  0x00000000       0x12 ../app_uart_bsp//obj/HAL/src/crt0.o
 .debug_abbrev  0x00000012       0x7e obj/default/hello_world_small.o
 .debug_abbrev  0x00000090      0x113 obj/default/my_lcd.o
 .debug_abbrev  0x000001a3       0x9f obj/default/my_uart.o
 .debug_abbrev  0x00000242       0x7b c:/altera/13.0sp1/nios2eds/bin/gnu/h-i686-mingw32/bin/../lib/gcc/nios2-elf/4.1.2/mno-hw-mul\libgcc.a(lib2-mul.o)
 .debug_abbrev  0x000002bd       0x9d c:/altera/13.0sp1/nios2eds/bin/gnu/h-i686-mingw32/bin/../lib/gcc/nios2-elf/4.1.2/../../../../nios2-elf/lib/mno-hw-mul\libsmallc.a(lib_a-memcpy.o)
 .debug_abbrev  0x0000035a       0xdd ../app_uart_bsp/\libhal_bsp.a(alt_getchar.o)
 .debug_abbrev  0x00000437       0x97 ../app_uart_bsp/\libhal_bsp.a(alt_load.o)
 .debug_abbrev  0x000004ce       0xa6 ../app_uart_bsp/\libhal_bsp.a(alt_main.o)
 .debug_abbrev  0x00000574       0x7b ../app_uart_bsp/\libhal_bsp.a(alt_putchar.o)
 .debug_abbrev  0x000005ef       0x7c ../app_uart_bsp/\libhal_bsp.a(alt_putstr.o)
 .debug_abbrev  0x0000066b       0xe3 ../app_uart_bsp/\libhal_bsp.a(alt_sys_init.o)
 .debug_abbrev  0x0000074e       0xda ../app_uart_bsp/\libhal_bsp.a(altera_avalon_uart_read.o)
 .debug_abbrev  0x00000828       0xf2 ../app_uart_bsp/\libhal_bsp.a(altera_avalon_uart_write.o)
 .debug_abbrev  0x0000091a       0x3f ../app_uart_bsp/\libhal_bsp.a(alt_dcache_flush_all.o)
 .debug_abbrev  0x00000959       0xd6 ../app_uart_bsp/\libhal_bsp.a(alt_dev.o)
 .debug_abbrev  0x00000a2f       0x5e ../app_uart_bsp/\libhal_bsp.a(alt_errno.o)
 .debug_abbrev  0x00000a8d       0x3f ../app_uart_bsp/\libhal_bsp.a(alt_icache_flush_all.o)
 .debug_abbrev  0x00000acc       0x3f ../app_uart_bsp/\libhal_bsp.a(altera_nios2_qsys_irq.o)
 .debug_abbrev  0x00000b0b       0x3b c:/altera/13.0sp1/nios2eds/bin/gnu/h-i686-mingw32/bin/../lib/gcc/nios2-elf/4.1.2/../../../../nios2-elf/lib/mno-hw-mul\libsmallc.a(lib_a-int_errno.o)
 .debug_abbrev  0x00000b46       0x7a c:/altera/13.0sp1/nios2eds/bin/gnu/h-i686-mingw32/bin/../lib/gcc/nios2-elf/4.1.2/../../../../nios2-elf/lib/mno-hw-mul\libsmallc.a(lib_a-strlen.o)

.debug_line     0x00000000     0x2ce2
 *(.debug_line)
 .debug_line    0x00000000       0x66 ../app_uart_bsp//obj/HAL/src/crt0.o
 .debug_line    0x00000066      0x197 obj/default/hello_world_small.o
 .debug_line    0x000001fd      0x32c obj/default/my_lcd.o
 .debug_line    0x00000529      0x3aa obj/default/my_uart.o
 .debug_line    0x000008d3      0x11a c:/altera/13.0sp1/nios2eds/bin/gnu/h-i686-mingw32/bin/../lib/gcc/nios2-elf/4.1.2/mno-hw-mul\libgcc.a(lib2-mul.o)
 .debug_line    0x000009ed      0x145 c:/altera/13.0sp1/nios2eds/bin/gnu/h-i686-mingw32/bin/../lib/gcc/nios2-elf/4.1.2/../../../../nios2-elf/lib/mno-hw-mul\libsmallc.a(lib_a-memcpy.o)
 .debug_line    0x00000b32      0x258 ../app_uart_bsp/\libhal_bsp.a(alt_getchar.o)
 .debug_line    0x00000d8a      0x217 ../app_uart_bsp/\libhal_bsp.a(alt_load.o)
 .debug_line    0x00000fa1      0x2c2 ../app_uart_bsp/\libhal_bsp.a(alt_main.o)
 .debug_line    0x00001263      0x1f2 ../app_uart_bsp/\libhal_bsp.a(alt_putchar.o)
 .debug_line    0x00001455      0x1d9 ../app_uart_bsp/\libhal_bsp.a(alt_putstr.o)
 .debug_line    0x0000162e      0x30b ../app_uart_bsp/\libhal_bsp.a(alt_sys_init.o)
 .debug_line    0x00001939      0x32f ../app_uart_bsp/\libhal_bsp.a(altera_avalon_uart_read.o)
 .debug_line    0x00001c68      0x31a ../app_uart_bsp/\libhal_bsp.a(altera_avalon_uart_write.o)
 .debug_line    0x00001f82      0x1b5 ../app_uart_bsp/\libhal_bsp.a(alt_dcache_flush_all.o)
 .debug_line    0x00002137      0x24c ../app_uart_bsp/\libhal_bsp.a(alt_dev.o)
 .debug_line    0x00002383      0x1aa ../app_uart_bsp/\libhal_bsp.a(alt_errno.o)
 .debug_line    0x0000252d      0x1b5 ../app_uart_bsp/\libhal_bsp.a(alt_icache_flush_all.o)
 .debug_line    0x000026e2      0x1ce ../app_uart_bsp/\libhal_bsp.a(altera_nios2_qsys_irq.o)
 .debug_line    0x000028b0      0x1e2 c:/altera/13.0sp1/nios2eds/bin/gnu/h-i686-mingw32/bin/../lib/gcc/nios2-elf/4.1.2/../../../../nios2-elf/lib/mno-hw-mul\libsmallc.a(lib_a-int_errno.o)
 .debug_line    0x00002a92      0x250 c:/altera/13.0sp1/nios2eds/bin/gnu/h-i686-mingw32/bin/../lib/gcc/nios2-elf/4.1.2/../../../../nios2-elf/lib/mno-hw-mul\libsmallc.a(lib_a-strlen.o)

.debug_frame    0x00000000      0x370
 *(.debug_frame)
 .debug_frame   0x00000000       0x28 obj/default/hello_world_small.o
 .debug_frame   0x00000028       0x98 obj/default/my_lcd.o
 .debug_frame   0x000000c0       0x68 obj/default/my_uart.o
 .debug_frame   0x00000128       0x20 c:/altera/13.0sp1/nios2eds/bin/gnu/h-i686-mingw32/bin/../lib/gcc/nios2-elf/4.1.2/mno-hw-mul\libgcc.a(lib2-mul.o)
 .debug_frame   0x00000148       0x20 c:/altera/13.0sp1/nios2eds/bin/gnu/h-i686-mingw32/bin/../lib/gcc/nios2-elf/4.1.2/../../../../nios2-elf/lib/mno-hw-mul\libsmallc.a(lib_a-memcpy.o)
 .debug_frame   0x00000168       0x28 ../app_uart_bsp/\libhal_bsp.a(alt_getchar.o)
 .debug_frame   0x00000190       0x38 ../app_uart_bsp/\libhal_bsp.a(alt_load.o)
 .debug_frame   0x000001c8       0x28 ../app_uart_bsp/\libhal_bsp.a(alt_main.o)
 .debug_frame   0x000001f0       0x2c ../app_uart_bsp/\libhal_bsp.a(alt_putchar.o)
 .debug_frame   0x0000021c       0x28 ../app_uart_bsp/\libhal_bsp.a(alt_putstr.o)
 .debug_frame   0x00000244       0x38 ../app_uart_bsp/\libhal_bsp.a(alt_sys_init.o)
 .debug_frame   0x0000027c       0x28 ../app_uart_bsp/\libhal_bsp.a(altera_avalon_uart_read.o)
 .debug_frame   0x000002a4       0x2c ../app_uart_bsp/\libhal_bsp.a(altera_avalon_uart_write.o)
 .debug_frame   0x000002d0       0x20 ../app_uart_bsp/\libhal_bsp.a(alt_dcache_flush_all.o)
 .debug_frame   0x000002f0       0x20 ../app_uart_bsp/\libhal_bsp.a(alt_dev.o)
 .debug_frame   0x00000310       0x20 ../app_uart_bsp/\libhal_bsp.a(alt_icache_flush_all.o)
 .debug_frame   0x00000330       0x20 ../app_uart_bsp/\libhal_bsp.a(altera_nios2_qsys_irq.o)
 .debug_frame   0x00000350       0x20 c:/altera/13.0sp1/nios2eds/bin/gnu/h-i686-mingw32/bin/../lib/gcc/nios2-elf/4.1.2/../../../../nios2-elf/lib/mno-hw-mul\libsmallc.a(lib_a-strlen.o)

.debug_str      0x00000000      0x9d2
 *(.debug_str)
 .debug_str     0x00000000       0xc6 obj/default/hello_world_small.o
                                 0xf7 (size before relaxing)
 .debug_str     0x000000c6       0x64 obj/default/my_lcd.o
                                0x11b (size before relaxing)
 .debug_str     0x0000012a       0x42 obj/default/my_uart.o
                                 0xff (size before relaxing)
 .debug_str     0x0000016c       0xcc c:/altera/13.0sp1/nios2eds/bin/gnu/h-i686-mingw32/bin/../lib/gcc/nios2-elf/4.1.2/mno-hw-mul\libgcc.a(lib2-mul.o)
                                0x175 (size before relaxing)
 .debug_str     0x00000238       0xfd c:/altera/13.0sp1/nios2eds/bin/gnu/h-i686-mingw32/bin/../lib/gcc/nios2-elf/4.1.2/../../../../nios2-elf/lib/mno-hw-mul\libsmallc.a(lib_a-memcpy.o)
                                0x129 (size before relaxing)
 .debug_str     0x00000335       0xff ../app_uart_bsp/\libhal_bsp.a(alt_getchar.o)
                                0x1b1 (size before relaxing)
 .debug_str     0x00000434       0xf1 ../app_uart_bsp/\libhal_bsp.a(alt_load.o)
                                0x1b2 (size before relaxing)
 .debug_str     0x00000525       0x44 ../app_uart_bsp/\libhal_bsp.a(alt_main.o)
                                0x136 (size before relaxing)
 .debug_str     0x00000569       0x22 ../app_uart_bsp/\libhal_bsp.a(alt_putchar.o)
                                0x105 (size before relaxing)
 .debug_str     0x0000058b       0x20 ../app_uart_bsp/\libhal_bsp.a(alt_putstr.o)
                                0x103 (size before relaxing)
 .debug_str     0x000005ab       0x93 ../app_uart_bsp/\libhal_bsp.a(alt_sys_init.o)
                                0x1af (size before relaxing)
 .debug_str     0x0000063e       0x5c ../app_uart_bsp/\libhal_bsp.a(altera_avalon_uart_read.o)
                                0x19a (size before relaxing)
 .debug_str     0x0000069a       0x40 ../app_uart_bsp/\libhal_bsp.a(altera_avalon_uart_write.o)
                                0x1a2 (size before relaxing)
 .debug_str     0x000006da       0x34 ../app_uart_bsp/\libhal_bsp.a(alt_dcache_flush_all.o)
                                 0xf5 (size before relaxing)
 .debug_str     0x0000070e      0x120 ../app_uart_bsp/\libhal_bsp.a(alt_dev.o)
                                0x2a5 (size before relaxing)
 .debug_str     0x0000082e       0x14 ../app_uart_bsp/\libhal_bsp.a(alt_errno.o)
                                 0xe5 (size before relaxing)
 .debug_str     0x00000842       0x34 ../app_uart_bsp/\libhal_bsp.a(alt_icache_flush_all.o)
                                 0xf5 (size before relaxing)
 .debug_str     0x00000876       0x3b ../app_uart_bsp/\libhal_bsp.a(altera_nios2_qsys_irq.o)
                                 0xfc (size before relaxing)
 .debug_str     0x000008b1       0xdc c:/altera/13.0sp1/nios2eds/bin/gnu/h-i686-mingw32/bin/../lib/gcc/nios2-elf/4.1.2/../../../../nios2-elf/lib/mno-hw-mul\libsmallc.a(lib_a-int_errno.o)
                                0x177 (size before relaxing)
 .debug_str     0x0000098d       0x45 c:/altera/13.0sp1/nios2eds/bin/gnu/h-i686-mingw32/bin/../lib/gcc/nios2-elf/4.1.2/../../../../nios2-elf/lib/mno-hw-mul\libsmallc.a(lib_a-strlen.o)
                                0x184 (size before relaxing)

.debug_loc      0x00000000      0x650
 *(.debug_loc)
 .debug_loc     0x00000000       0x50 obj/default/hello_world_small.o
 .debug_loc     0x00000050      0x1ad obj/default/my_lcd.o
 .debug_loc     0x000001fd      0x17e obj/default/my_uart.o
 .debug_loc     0x0000037b       0x4f c:/altera/13.0sp1/nios2eds/bin/gnu/h-i686-mingw32/bin/../lib/gcc/nios2-elf/4.1.2/mno-hw-mul\libgcc.a(lib2-mul.o)
 .debug_loc     0x000003ca       0x1e c:/altera/13.0sp1/nios2eds/bin/gnu/h-i686-mingw32/bin/../lib/gcc/nios2-elf/4.1.2/../../../../nios2-elf/lib/mno-hw-mul\libsmallc.a(lib_a-memcpy.o)
 .debug_loc     0x000003e8       0x1f ../app_uart_bsp/\libhal_bsp.a(alt_getchar.o)
 .debug_loc     0x00000407       0x1f ../app_uart_bsp/\libhal_bsp.a(alt_load.o)
 .debug_loc     0x00000426       0x1f ../app_uart_bsp/\libhal_bsp.a(alt_main.o)
 .debug_loc     0x00000445       0x3d ../app_uart_bsp/\libhal_bsp.a(alt_putchar.o)
 .debug_loc     0x00000482       0x48 ../app_uart_bsp/\libhal_bsp.a(alt_putstr.o)
 .debug_loc     0x000004ca       0x32 ../app_uart_bsp/\libhal_bsp.a(alt_sys_init.o)
 .debug_loc     0x000004fc       0x8c ../app_uart_bsp/\libhal_bsp.a(altera_avalon_uart_read.o)
 .debug_loc     0x00000588       0xaa ../app_uart_bsp/\libhal_bsp.a(altera_avalon_uart_write.o)
 .debug_loc     0x00000632       0x1e c:/altera/13.0sp1/nios2eds/bin/gnu/h-i686-mingw32/bin/../lib/gcc/nios2-elf/4.1.2/../../../../nios2-elf/lib/mno-hw-mul\libsmallc.a(lib_a-strlen.o)

.debug_macinfo
 *(.debug_macinfo)

.debug_weaknames
 *(.debug_weaknames)

.debug_funcnames
 *(.debug_funcnames)

.debug_typenames
 *(.debug_typenames)

.debug_varnames
 *(.debug_varnames)

.debug_alt_sim_info
                0x00000000       0x10
 *(.debug_alt_sim_info)
 .debug_alt_sim_info
                0x00000000       0x10 ../app_uart_bsp//obj/HAL/src/crt0.o
                0x00014000                __alt_data_end = 0x14000
                0x00014000                PROVIDE (__alt_stack_pointer, __alt_data_end)
                0x00010dd8                PROVIDE (__alt_stack_limit, __alt_stack_base)
                0x00010dd8                PROVIDE (__alt_heap_start, end)
                0x00014000                PROVIDE (__alt_heap_limit, 0x14000)
OUTPUT(app_uart.elf elf32-littlenios2)

.debug_ranges   0x00000000       0x38
 .debug_ranges  0x00000000       0x20 ../app_uart_bsp//obj/HAL/src/crt0.o
 .debug_ranges  0x00000020       0x18 ../app_uart_bsp/\libhal_bsp.a(altera_avalon_uart_read.o)
