------------------------------------------------------------
TimeQuest Timing Analyzer Summary
------------------------------------------------------------

Type  : Slow Model Setup 'clock50m'
Slack : 7.358
TNS   : 0.000

Type  : Slow Model Setup 'clockext'
Slack : 15.308
TNS   : 0.000

Type  : Slow Model Setup 'clock27m'
Slack : 32.596
TNS   : 0.000

Type  : Slow Model Hold 'clock27m'
Slack : 0.391
TNS   : 0.000

Type  : Slow Model Hold 'clock50m'
Slack : 0.391
TNS   : 0.000

Type  : Slow Model Hold 'clockext'
Slack : 0.391
TNS   : 0.000

Type  : Slow Model Recovery 'clock50m'
Slack : 16.515
TNS   : 0.000

Type  : Slow Model Removal 'clock50m'
Slack : 3.234
TNS   : 0.000

Type  : Slow Model Minimum Pulse Width 'clock50m'
Slack : 7.500
TNS   : 0.000

Type  : Slow Model Minimum Pulse Width 'clockext'
Slack : 9.000
TNS   : 0.000

Type  : Slow Model Minimum Pulse Width 'clock27m'
Slack : 17.500
TNS   : 0.000

Type  : Slow Model Minimum Pulse Width 'altera_reserved_tck'
Slack : 97.778
TNS   : 0.000

Type  : Fast Model Setup 'clock50m'
Slack : 14.375
TNS   : 0.000

Type  : Fast Model Setup 'clockext'
Slack : 17.798
TNS   : 0.000

Type  : Fast Model Setup 'clock27m'
Slack : 34.913
TNS   : 0.000

Type  : Fast Model Hold 'clock27m'
Slack : 0.215
TNS   : 0.000

Type  : Fast Model Hold 'clock50m'
Slack : 0.215
TNS   : 0.000

Type  : Fast Model Hold 'clockext'
Slack : 0.215
TNS   : 0.000

Type  : Fast Model Recovery 'clock50m'
Slack : 17.985
TNS   : 0.000

Type  : Fast Model Removal 'clock50m'
Slack : 1.875
TNS   : 0.000

Type  : Fast Model Minimum Pulse Width 'clock50m'
Slack : 7.500
TNS   : 0.000

Type  : Fast Model Minimum Pulse Width 'clockext'
Slack : 9.000
TNS   : 0.000

Type  : Fast Model Minimum Pulse Width 'clock27m'
Slack : 17.500
TNS   : 0.000

Type  : Fast Model Minimum Pulse Width 'altera_reserved_tck'
Slack : 97.778
TNS   : 0.000

------------------------------------------------------------
