------------------------------------------------------------
TimeQuest Timing Analyzer Summary
------------------------------------------------------------

Type  : Slow Model Setup 'clock50m'
Slack : 8.240
TNS   : 0.000

Type  : Slow Model Setup 'clockext'
Slack : 15.284
TNS   : 0.000

Type  : Slow Model Setup 'clock27m'
Slack : 32.236
TNS   : 0.000

Type  : Slow Model Hold 'clock27m'
Slack : 0.391
TNS   : 0.000

Type  : Slow Model Hold 'clock50m'
Slack : 0.391
TNS   : 0.000

Type  : Slow Model Hold 'clockext'
Slack : 0.391
TNS   : 0.000

Type  : Slow Model Recovery 'clock50m'
Slack : 15.523
TNS   : 0.000

Type  : Slow Model Removal 'clock50m'
Slack : 4.225
TNS   : 0.000

Type  : Slow Model Minimum Pulse Width 'clock50m'
Slack : 7.500
TNS   : 0.000

Type  : Slow Model Minimum Pulse Width 'clockext'
Slack : 9.000
TNS   : 0.000

Type  : Slow Model Minimum Pulse Width 'clock27m'
Slack : 17.500
TNS   : 0.000

Type  : Slow Model Minimum Pulse Width 'altera_reserved_tck'
Slack : 97.778
TNS   : 0.000

Type  : Fast Model Setup 'clock50m'
Slack : 14.749
TNS   : 0.000

Type  : Fast Model Setup 'clockext'
Slack : 17.791
TNS   : 0.000

Type  : Fast Model Setup 'clock27m'
Slack : 34.746
TNS   : 0.000

Type  : Fast Model Hold 'clock27m'
Slack : 0.215
TNS   : 0.000

Type  : Fast Model Hold 'clock50m'
Slack : 0.215
TNS   : 0.000

Type  : Fast Model Hold 'clockext'
Slack : 0.215
TNS   : 0.000

Type  : Fast Model Recovery 'clock50m'
Slack : 17.502
TNS   : 0.000

Type  : Fast Model Removal 'clock50m'
Slack : 2.358
TNS   : 0.000

Type  : Fast Model Minimum Pulse Width 'clock50m'
Slack : 7.500
TNS   : 0.000

Type  : Fast Model Minimum Pulse Width 'clockext'
Slack : 9.000
TNS   : 0.000

Type  : Fast Model Minimum Pulse Width 'clock27m'
Slack : 17.500
TNS   : 0.000

Type  : Fast Model Minimum Pulse Width 'altera_reserved_tck'
Slack : 97.778
TNS   : 0.000

------------------------------------------------------------
